// Jest Snapshot v1, https://goo.gl/fbAQLP

exports[`Notifications.vue is a Vue instance 1`] = `""`;
